// Jest Snapshot v1, https://goo.gl/fbAQLP

exports[`Mock Factory - Integration Test Given a decorated class when using the related decorator with absolute values then return the exact same values passed in the options 1`] = `
Object {
  "binary": true,
  "date": Any<Date>,
  "name": "FooBar",
  "num": 1234,
  "objectLiteral": Object {
    "an": "object",
    "literal": true,
    "thiss": "is",
  },
}
`;

exports[`Mock Factory - Integration Test Given a decorated class when using the related decorator with no/empty values then infer the decoratorValue from the type itself 1`] = `
Object {
  "binary": Any<Boolean>,
  "date": Any<Date>,
  "name": Any<String>,
  "num": Any<Number>,
}
`;
